// Jest Snapshot v1, https://goo.gl/fbAQLP

exports[`should render accurately the create team view and component 1`] = `
Object {
  "asFragment": [Function],
  "baseElement": <body>
    <div>
      <div>
        <h1>
          Create New Team
        </h1>
        <div>
          <fieldset>
            <legend>
              Details
            </legend>
            <form>
              <label
                for="name"
              >
                Team Name:
              </label>
              <input
                id="name"
                name="name"
                type="text"
                value=""
              />
              <label
                for="city"
              >
                City:
              </label>
              <input
                id="city"
                name="city"
                type="text"
                value=""
              />
              <label
                for="state"
              >
                State:
              </label>
              <input
                id="state"
                name="state"
                type="text"
                value=""
              />
              <button
                aria-label="Add New Team"
                type="submit"
                value="Add New Team"
              >
                Add New Team
              </button>
            </form>
            <section
              class="title-img"
            >
              <img
                alt="kickball"
                height="400"
                src="/kickballs/ball_4.jpg"
              />
            </section>
          </fieldset>
        </div>
      </div>
    </div>
  </body>,
  "container": <div>
    <div>
      <h1>
        Create New Team
      </h1>
      <div>
        <fieldset>
          <legend>
            Details
          </legend>
          <form>
            <label
              for="name"
            >
              Team Name:
            </label>
            <input
              id="name"
              name="name"
              type="text"
              value=""
            />
            <label
              for="city"
            >
              City:
            </label>
            <input
              id="city"
              name="city"
              type="text"
              value=""
            />
            <label
              for="state"
            >
              State:
            </label>
            <input
              id="state"
              name="state"
              type="text"
              value=""
            />
            <button
              aria-label="Add New Team"
              type="submit"
              value="Add New Team"
            >
              Add New Team
            </button>
          </form>
          <section
            class="title-img"
          >
            <img
              alt="kickball"
              height="400"
              src="/kickballs/ball_4.jpg"
            />
          </section>
        </fieldset>
      </div>
    </div>
  </div>,
  "debug": [Function],
  "findAllByAltText": [Function],
  "findAllByDisplayValue": [Function],
  "findAllByLabelText": [Function],
  "findAllByPlaceholderText": [Function],
  "findAllByRole": [Function],
  "findAllByTestId": [Function],
  "findAllByText": [Function],
  "findAllByTitle": [Function],
  "findByAltText": [Function],
  "findByDisplayValue": [Function],
  "findByLabelText": [Function],
  "findByPlaceholderText": [Function],
  "findByRole": [Function],
  "findByTestId": [Function],
  "findByText": [Function],
  "findByTitle": [Function],
  "getAllByAltText": [Function],
  "getAllByDisplayValue": [Function],
  "getAllByLabelText": [Function],
  "getAllByPlaceholderText": [Function],
  "getAllByRole": [Function],
  "getAllByTestId": [Function],
  "getAllByText": [Function],
  "getAllByTitle": [Function],
  "getByAltText": [Function],
  "getByDisplayValue": [Function],
  "getByLabelText": [Function],
  "getByPlaceholderText": [Function],
  "getByRole": [Function],
  "getByTestId": [Function],
  "getByText": [Function],
  "getByTitle": [Function],
  "queryAllByAltText": [Function],
  "queryAllByDisplayValue": [Function],
  "queryAllByLabelText": [Function],
  "queryAllByPlaceholderText": [Function],
  "queryAllByRole": [Function],
  "queryAllByTestId": [Function],
  "queryAllByText": [Function],
  "queryAllByTitle": [Function],
  "queryByAltText": [Function],
  "queryByDisplayValue": [Function],
  "queryByLabelText": [Function],
  "queryByPlaceholderText": [Function],
  "queryByRole": [Function],
  "queryByTestId": [Function],
  "queryByText": [Function],
  "queryByTitle": [Function],
  "rerender": [Function],
  "unmount": [Function],
}
`;
