// Jest Snapshot v1, https://goo.gl/fbAQLP

exports[`renders TeamList elements 1`] = `
<div>
  <div
    class="content"
  >
    <h1>
      Teams:
    </h1>
    <ul />
    <a
      href="/create"
    >
      Create New Team
    </a>
  </div>
</div>
`;
