// Jest Snapshot v1, https://goo.gl/fbAQLP

exports[`renders PlayersList elements 1`] = `
<div>
  <div>
    Players:
    <ul />
  </div>
</div>
`;
