// Jest Snapshot v1, https://goo.gl/fbAQLP

exports[`renders TeamList elements 1`] = `
<div>
  <div>
    Teams:
    <ul />
  </div>
</div>
`;
