// Jest Snapshot v1, https://goo.gl/fbAQLP

exports[`should render a detailed view of an individual team 1`] = `
Object {
  "asFragment": [Function],
  "baseElement": <body>
    <div>
      <div
        class="content"
      >
        <h1>
          Bridge City Sneakers
        </h1>
        Portland
        , 
        OR
        <ul>
          <a
            href="/players/1"
          >
            <li>
              Pitcher
               - 
              Ben E. Jetts
            </li>
          </a>
          <a
            href="/players/2"
          >
            <li>
              Catcher
               - 
              Hans Olo
            </li>
          </a>
          <a
            href="/players/3"
          >
            <li>
              Outfield
               - 
              Ron Long
            </li>
          </a>
          <a
            href="/players/4"
          >
            <li>
              Shortstop
               - 
              Shorty Biggum
            </li>
          </a>
        </ul>
      </div>
    </div>
  </body>,
  "container": <div>
    <div
      class="content"
    >
      <h1>
        Bridge City Sneakers
      </h1>
      Portland
      , 
      OR
      <ul>
        <a
          href="/players/1"
        >
          <li>
            Pitcher
             - 
            Ben E. Jetts
          </li>
        </a>
        <a
          href="/players/2"
        >
          <li>
            Catcher
             - 
            Hans Olo
          </li>
        </a>
        <a
          href="/players/3"
        >
          <li>
            Outfield
             - 
            Ron Long
          </li>
        </a>
        <a
          href="/players/4"
        >
          <li>
            Shortstop
             - 
            Shorty Biggum
          </li>
        </a>
      </ul>
    </div>
  </div>,
  "debug": [Function],
  "findAllByAltText": [Function],
  "findAllByDisplayValue": [Function],
  "findAllByLabelText": [Function],
  "findAllByPlaceholderText": [Function],
  "findAllByRole": [Function],
  "findAllByTestId": [Function],
  "findAllByText": [Function],
  "findAllByTitle": [Function],
  "findByAltText": [Function],
  "findByDisplayValue": [Function],
  "findByLabelText": [Function],
  "findByPlaceholderText": [Function],
  "findByRole": [Function],
  "findByTestId": [Function],
  "findByText": [Function],
  "findByTitle": [Function],
  "getAllByAltText": [Function],
  "getAllByDisplayValue": [Function],
  "getAllByLabelText": [Function],
  "getAllByPlaceholderText": [Function],
  "getAllByRole": [Function],
  "getAllByTestId": [Function],
  "getAllByText": [Function],
  "getAllByTitle": [Function],
  "getByAltText": [Function],
  "getByDisplayValue": [Function],
  "getByLabelText": [Function],
  "getByPlaceholderText": [Function],
  "getByRole": [Function],
  "getByTestId": [Function],
  "getByText": [Function],
  "getByTitle": [Function],
  "queryAllByAltText": [Function],
  "queryAllByDisplayValue": [Function],
  "queryAllByLabelText": [Function],
  "queryAllByPlaceholderText": [Function],
  "queryAllByRole": [Function],
  "queryAllByTestId": [Function],
  "queryAllByText": [Function],
  "queryAllByTitle": [Function],
  "queryByAltText": [Function],
  "queryByDisplayValue": [Function],
  "queryByLabelText": [Function],
  "queryByPlaceholderText": [Function],
  "queryByRole": [Function],
  "queryByTestId": [Function],
  "queryByText": [Function],
  "queryByTitle": [Function],
  "rerender": [Function],
  "unmount": [Function],
}
`;
