// Jest Snapshot v1, https://goo.gl/fbAQLP

exports[`should render accurately the create new player view and component 1`] = `
Object {
  "asFragment": [Function],
  "baseElement": <body>
    <div>
      <div>
        <h1>
          Add New Player
        </h1>
        <div>
          <fieldset>
            <legend>
              New Player
            </legend>
            <form>
              <label
                for="name"
              >
                Player Name:
              </label>
              <input
                id="name"
                name="name"
                type="text"
                value=""
              />
              <label
                for="position"
              >
                Position
              </label>
              <input
                id="position"
                name="position"
                type="text"
                value=""
              />
              <label
                for="teamId"
              >
                Team
              </label>
              <select
                aria-label="teamId"
              >
                <option
                  value="1"
                >
                  team name
                </option>
                <option
                  value="8"
                >
                  ꓘool ꓘidz
                </option>
              </select>
              <input
                aria-label="Add New Player"
                type="submit"
                value="Add New Player"
              />
            </form>
          </fieldset>
        </div>
      </div>
    </div>
  </body>,
  "container": <div>
    <div>
      <h1>
        Add New Player
      </h1>
      <div>
        <fieldset>
          <legend>
            New Player
          </legend>
          <form>
            <label
              for="name"
            >
              Player Name:
            </label>
            <input
              id="name"
              name="name"
              type="text"
              value=""
            />
            <label
              for="position"
            >
              Position
            </label>
            <input
              id="position"
              name="position"
              type="text"
              value=""
            />
            <label
              for="teamId"
            >
              Team
            </label>
            <select
              aria-label="teamId"
            >
              <option
                value="1"
              >
                team name
              </option>
              <option
                value="8"
              >
                ꓘool ꓘidz
              </option>
            </select>
            <input
              aria-label="Add New Player"
              type="submit"
              value="Add New Player"
            />
          </form>
        </fieldset>
      </div>
    </div>
  </div>,
  "debug": [Function],
  "findAllByAltText": [Function],
  "findAllByDisplayValue": [Function],
  "findAllByLabelText": [Function],
  "findAllByPlaceholderText": [Function],
  "findAllByRole": [Function],
  "findAllByTestId": [Function],
  "findAllByText": [Function],
  "findAllByTitle": [Function],
  "findByAltText": [Function],
  "findByDisplayValue": [Function],
  "findByLabelText": [Function],
  "findByPlaceholderText": [Function],
  "findByRole": [Function],
  "findByTestId": [Function],
  "findByText": [Function],
  "findByTitle": [Function],
  "getAllByAltText": [Function],
  "getAllByDisplayValue": [Function],
  "getAllByLabelText": [Function],
  "getAllByPlaceholderText": [Function],
  "getAllByRole": [Function],
  "getAllByTestId": [Function],
  "getAllByText": [Function],
  "getAllByTitle": [Function],
  "getByAltText": [Function],
  "getByDisplayValue": [Function],
  "getByLabelText": [Function],
  "getByPlaceholderText": [Function],
  "getByRole": [Function],
  "getByTestId": [Function],
  "getByText": [Function],
  "getByTitle": [Function],
  "queryAllByAltText": [Function],
  "queryAllByDisplayValue": [Function],
  "queryAllByLabelText": [Function],
  "queryAllByPlaceholderText": [Function],
  "queryAllByRole": [Function],
  "queryAllByTestId": [Function],
  "queryAllByText": [Function],
  "queryAllByTitle": [Function],
  "queryByAltText": [Function],
  "queryByDisplayValue": [Function],
  "queryByLabelText": [Function],
  "queryByPlaceholderText": [Function],
  "queryByRole": [Function],
  "queryByTestId": [Function],
  "queryByText": [Function],
  "queryByTitle": [Function],
  "rerender": [Function],
  "unmount": [Function],
}
`;
