// Jest Snapshot v1, https://goo.gl/fbAQLP

exports[`renders PlayersList elements 1`] = `
<div>
  <div
    class="content"
  >
    <h1>
      Players 
    </h1>
    <ul>
      <li>
        <a
          class="App-Link"
          href="/players/3"
        >
          player name
        </a>
      </li>
    </ul>
  </div>
</div>
`;
